[00:14:50.124] СТАРТ: Печать листов A1 (плоттер), количество: 1
[00:14:53.133] КОНЕЦ: Печать листов A1 (плоттер), количество: 1
[00:14:53.134] СТАРТ: Печать листов A3 (цветной принтер), количество: 12
[00:15:17.150] КОНЕЦ: Печать листов A3 (цветной принтер), количество: 12
[00:15:17.152] СТАРТ: Печать листов A4 (ч/б принтер), количество: 25
[00:15:29.667] КОНЕЦ: Печать листов A4 (ч/б принтер), количество: 25
[00:15:29.668] СТАРТ: Сборка стопки A4, количество: 55
[00:15:40.683] КОНЕЦ: Сборка стопки A4, количество: 55
[00:15:40.684] СТАРТ: Брошюровка A4, количество: 1
[00:15:41.697] КОНЕЦ: Брошюровка A4, количество: 1
[00:15:41.699] СТАРТ: Печать листов A1 (плоттер), количество: 1
[00:15:41.700] СТАРТ: Печать листов A3 (цветной принтер), количество: 12
[00:15:41.700] СТАРТ: Печать листов A4 (ч/б принтер), количество: 25
[00:15:44.709] КОНЕЦ: Печать листов A1 (плоттер), количество: 1
[00:15:54.208] КОНЕЦ: Печать листов A4 (ч/б принтер), количество: 25
[00:15:54.209] СТАРТ: Сборка стопки A4, количество: 55
[00:16:05.216] КОНЕЦ: Сборка стопки A4, количество: 55
[00:16:05.217] СТАРТ: Брошюровка A4, количество: 1
[00:16:05.712] КОНЕЦ: Печать листов A3 (цветной принтер), количество: 12
[00:16:06.222] КОНЕЦ: Брошюровка A4, количество: 1
